Flow report for VIP_PAL
Sun Jun 07 18:21:23 2015
Quartus II 64-Bit Version 14.1.0 Build 186 12/03/2014 SJ Full Version


---------------------
; Table of Contents ;
---------------------
  1. Legal Notice
  2. Flow Summary
  3. Flow Settings
  4. Flow Non-Default Global Settings
  5. Flow Elapsed Time
  6. Flow OS Summary
  7. Flow Log
  8. Flow Messages
  9. Flow Suppressed Messages



----------------
; Legal Notice ;
----------------
Copyright (C) 1991-2014 Altera Corporation. All rights reserved.
Your use of Altera Corporation's design tools, logic functions 
and other software and tools, and its AMPP partner logic 
functions, and any output files from any of the foregoing 
(including device programming or simulation files), and any 
associated documentation or information are expressly subject 
to the terms and conditions of the Altera Program License 
Subscription Agreement, the Altera Quartus II License Agreement,
the Altera MegaCore Function License Agreement, or other 
applicable license agreement, including, without limitation, 
that your use is for the sole purpose of programming logic 
devices manufactured by Altera and sold by Altera or its 
authorized distributors.  Please refer to the applicable 
agreement for further details.



+----------------------------------------------------------------------------------+
; Flow Summary                                                                     ;
+------------------------------------+---------------------------------------------+
; Flow Status                        ; Successful - Sun Jun 07 18:21:17 2015       ;
; Quartus II 64-Bit Version          ; 14.1.0 Build 186 12/03/2014 SJ Full Version ;
; Revision Name                      ; VIP_PAL                                     ;
; Top-level Entity Name              ; action_vip                                  ;
; Family                             ; Cyclone IV E                                ;
; Device                             ; EP4CE10E22C8                                ;
; Timing Models                      ; Final                                       ;
; Total logic elements               ; 1,192 / 10,320 ( 12 % )                     ;
;     Total combinational functions  ; 979 / 10,320 ( 9 % )                        ;
;     Dedicated logic registers      ; 758 / 10,320 ( 7 % )                        ;
; Total registers                    ; 758                                         ;
; Total pins                         ; 72 / 92 ( 78 % )                            ;
; Total virtual pins                 ; 0                                           ;
; Total memory bits                  ; 24,576 / 423,936 ( 6 % )                    ;
; Embedded Multiplier 9-bit elements ; 5 / 46 ( 11 % )                             ;
; Total PLLs                         ; 1 / 2 ( 50 % )                              ;
+------------------------------------+---------------------------------------------+


+-----------------------------------------+
; Flow Settings                           ;
+-------------------+---------------------+
; Option            ; Setting             ;
+-------------------+---------------------+
; Start date & time ; 06/07/2015 18:20:38 ;
; Main task         ; Compilation         ;
; Revision Name     ; VIP_PAL             ;
+-------------------+---------------------+


+----------------------------------------------------------------------------------------------------------------------+
; Flow Non-Default Global Settings                                                                                     ;
+-------------------------------------+---------------------------------+---------------+-------------+----------------+
; Assignment Name                     ; Value                           ; Default Value ; Entity Name ; Section Id     ;
+-------------------------------------+---------------------------------+---------------+-------------+----------------+
; COMPILER_SIGNATURE_ID               ; 17642277387721.143367243800804  ; --            ; --          ; --             ;
; EDA_OUTPUT_DATA_FORMAT              ; None                            ; --            ; --          ; eda_simulation ;
; MAX_CORE_JUNCTION_TEMP              ; 85                              ; --            ; --          ; --             ;
; MIN_CORE_JUNCTION_TEMP              ; 0                               ; --            ; --          ; --             ;
; MISC_FILE                           ; src/pll_xscale.bsf              ; --            ; --          ; --             ;
; MISC_FILE                           ; src/pll_xscale_inst.v           ; --            ; --          ; --             ;
; MISC_FILE                           ; src/pll_xscale_bb.v             ; --            ; --          ; --             ;
; MISC_FILE                           ; src/pll_xscale.ppf              ; --            ; --          ; --             ;
; MISC_FILE                           ; src/mult6x6.bsf                 ; --            ; --          ; --             ;
; MISC_FILE                           ; src/mult6x6_bb.v                ; --            ; --          ; --             ;
; MISC_FILE                           ; src/fifo_wrbuffer_512x16.bsf    ; --            ; --          ; --             ;
; MISC_FILE                           ; src/fifo_wrbuffer_512x16_inst.v ; --            ; --          ; --             ;
; MISC_FILE                           ; src/fifo_wrbuffer_512x16_bb.v   ; --            ; --          ; --             ;
; MISC_FILE                           ; src/fifo_display_1024x16.bsf    ; --            ; --          ; --             ;
; MISC_FILE                           ; src/fifo_display_1024x16_inst.v ; --            ; --          ; --             ;
; MISC_FILE                           ; src/fifo_display_1024x16_bb.v   ; --            ; --          ; --             ;
; MISC_FILE                           ; core/pll_27m_inst.v             ; --            ; --          ; --             ;
; MISC_FILE                           ; core/pll_27m_bb.v               ; --            ; --          ; --             ;
; MISC_FILE                           ; core/pll_27m.ppf                ; --            ; --          ; --             ;
; OUTPUT_IO_TIMING_FAR_END_VMEAS      ; Half Signal Swing               ; --            ; --          ; --             ;
; OUTPUT_IO_TIMING_FAR_END_VMEAS      ; Half Signal Swing               ; --            ; --          ; --             ;
; OUTPUT_IO_TIMING_NEAR_END_VMEAS     ; Half Vccio                      ; --            ; --          ; --             ;
; OUTPUT_IO_TIMING_NEAR_END_VMEAS     ; Half Vccio                      ; --            ; --          ; --             ;
; PARTITION_COLOR                     ; 16764057                        ; --            ; action_vip  ; Top            ;
; PARTITION_FITTER_PRESERVATION_LEVEL ; PLACEMENT_AND_ROUTING           ; --            ; action_vip  ; Top            ;
; PARTITION_NETLIST_TYPE              ; SOURCE                          ; --            ; action_vip  ; Top            ;
; TOP_LEVEL_ENTITY                    ; action_vip                      ; VIP_PAL       ; --          ; --             ;
+-------------------------------------+---------------------------------+---------------+-------------+----------------+


+-------------------------------------------------------------------------------------------------------------------------------+
; Flow Elapsed Time                                                                                                             ;
+---------------------------+--------------+-------------------------+---------------------+------------------------------------+
; Module Name               ; Elapsed Time ; Average Processors Used ; Peak Virtual Memory ; Total CPU Time (on all processors) ;
+---------------------------+--------------+-------------------------+---------------------+------------------------------------+
; Analysis & Synthesis      ; 00:00:20     ; 1.0                     ; 625 MB              ; 00:00:40                           ;
; Fitter                    ; 00:00:13     ; 1.3                     ; 1086 MB             ; 00:00:15                           ;
; Assembler                 ; 00:00:01     ; 1.0                     ; 552 MB              ; 00:00:01                           ;
; TimeQuest Timing Analyzer ; 00:00:04     ; 1.0                     ; 622 MB              ; 00:00:05                           ;
; Total                     ; 00:00:38     ; --                      ; --                  ; 00:01:01                           ;
+---------------------------+--------------+-------------------------+---------------------+------------------------------------+


+----------------------------------------------------------------------------------------+
; Flow OS Summary                                                                        ;
+---------------------------+------------------+-----------+------------+----------------+
; Module Name               ; Machine Hostname ; OS Name   ; OS Version ; Processor type ;
+---------------------------+------------------+-----------+------------+----------------+
; Analysis & Synthesis      ; shenyae86_2-PC   ; Windows 7 ; 6.1        ; x86_64         ;
; Fitter                    ; shenyae86_2-PC   ; Windows 7 ; 6.1        ; x86_64         ;
; Assembler                 ; shenyae86_2-PC   ; Windows 7 ; 6.1        ; x86_64         ;
; TimeQuest Timing Analyzer ; shenyae86_2-PC   ; Windows 7 ; 6.1        ; x86_64         ;
+---------------------------+------------------+-----------+------------+----------------+


------------
; Flow Log ;
------------
quartus_map --read_settings_files=on --write_settings_files=off VIP_PAL -c VIP_PAL
quartus_fit --read_settings_files=off --write_settings_files=off VIP_PAL -c VIP_PAL
quartus_asm --read_settings_files=off --write_settings_files=off VIP_PAL -c VIP_PAL
quartus_sta VIP_PAL -c VIP_PAL



